../Core/Src/eth.c:32:6:wizchipSelect	8	static
../Core/Src/eth.c:36:6:wizchipUnselect	8	static
../Core/Src/eth.c:40:6:wizchipReadBurst	16	static
../Core/Src/eth.c:44:6:wizchipWriteBurst	16	static
../Core/Src/eth.c:48:9:wizchipReadByte	16	static
../Core/Src/eth.c:54:6:wizchipWriteByte	16	static
../Core/Src/eth.c:60:6:Callback_IPAssigned	4	static
../Core/Src/eth.c:64:6:Callback_IPConflict	4	static
../Core/Src/eth.c:71:6:ETH_Init	96	static
../Core/Src/eth.c:127:9:ETH_SocketInit	24	static
../Core/Src/eth.c:137:9:ETH_Connect	40	static
