../Core/Src/main.c:73:6:UART_Message	16	static
../Core/Src/main.c:78:6:UART_Send	8	static
../Core/Src/main.c:82:6:HAL_UART_RxCpltCallback	24	static
../Core/Src/main.c:113:5:main	8	static
../Core/Src/main.c:160:6:SystemClock_Config	88	static
../Core/Src/main.c:203:13:MX_SPI1_Init	8	static
../Core/Src/main.c:239:13:MX_TIM1_Init	96	static
../Core/Src/main.c:310:13:MX_USART6_UART_Init	8	static
../Core/Src/main.c:341:13:MX_GPIO_Init	48	static
../Core/Src/main.c:374:6:Error_Handler	4	static,ignoring_inline_asm
