../Core/Src/main.c:76:6:UART_Message	24	static
../Core/Src/main.c:82:6:UART_Send	16	static
../Core/Src/main.c:87:6:HAL_UART_RxCpltCallback	32	static
../Core/Src/main.c:104:6:HAL_GPIO_EXTI_Callback	16	static
../Core/Src/main.c:122:5:main	16	static
../Core/Src/main.c:182:6:SystemClock_Config	88	static
../Core/Src/main.c:228:13:MX_SPI1_Init	8	static
../Core/Src/main.c:266:13:MX_TIM1_Init	96	static
../Core/Src/main.c:341:13:MX_USART6_UART_Init	8	static
../Core/Src/main.c:374:13:MX_GPIO_Init	48	static
../Core/Src/main.c:425:6:Error_Handler	4	static,ignoring_inline_asm
